// Jest Snapshot v1, https://goo.gl/fbAQLP

exports[`Location should show a loading message 1`] = `
<div
  data-v-app=""
>
  
  <p
    class="mb-8"
  >
     While connected through the proxy, your real location and your VPN location are masked with a private and secure location in the selected region. 
  </p>
  <p
    class="text-lg flex items-center"
  >
    
    <!--v-if-->
    <!--v-if-->
    <!--v-if-->
    <span
      class="text-info"
    >
      <i
        class="mr-2 animate-spin n-icon"
        role="img"
        style="--n-bezier: cubic-bezier(.4, 0, .2, 1); font-size: 25px;"
      >
        <svg
          height="1em"
          viewBox="0 0 32 32"
          width="1em"
        >
          <path
            d="M16 3a3 3 0 1 0 .002 6.002A3 3 0 0 0 16 3zM8.937 6.438a2.502 2.502 0 0 0-2.5 2.5c0 1.378 1.122 2.5 2.5 2.5c1.38 0 2.5-1.122 2.5-2.5c0-1.38-1.12-2.5-2.5-2.5zm14.126 1.5c-.551 0-1 .449-1 1c0 .55.449 1 1 1c.55 0 1-.45 1-1c0-.551-.45-1-1-1zM6 13.75a2.25 2.25 0 1 0 .001 4.501A2.25 2.25 0 0 0 6 13.75zm20 1c-.691 0-1.25.559-1.25 1.25s.559 1.25 1.25 1.25s1.25-.559 1.25-1.25s-.559-1.25-1.25-1.25zM8.937 21.063c-1.105 0-2 .894-2 2a1.999 1.999 0 1 0 4 0c0-1.106-.894-2-2-2zm14.126.5a1.5 1.5 0 1 0 0 3a1.5 1.5 0 0 0 0-3zM16 24.25c-.965 0-1.75.785-1.75 1.75s.785 1.75 1.75 1.75s1.75-.785 1.75-1.75s-.785-1.75-1.75-1.75z"
            fill="currentColor"
          />
        </svg>
      </i>
       Loading proxy servers list
    </span>
    <!--v-if-->
    
  </p>
  
</div>
`;

exports[`Location should show an error message 1`] = `
<div
  data-v-app=""
>
  
  <p
    class="mb-8"
  >
     While connected through the proxy, your real location and your VPN location are masked with a private and secure location in the selected region. 
  </p>
  <p>
    Network error
  </p>
  
</div>
`;

exports[`Location should show two countries 1`] = `
<div
  data-v-app=""
>
  
  <p
    class="mb-8"
  >
     While connected through the proxy, your real location and your VPN location are masked with a private and secure location in the selected region. 
  </p>
  <div>
    <!--v-if-->
    <div
      class="n-collapse"
      style="--n-font-size: 14px; --n-bezier: cubic-bezier(.4, 0, .2, 1); --n-text-color: rgb(51, 54, 57); --n-divider-color: rgb(239, 239, 245); --n-title-font-size: 14px; --n-title-text-color: rgb(31, 34, 37); --n-title-font-weight: 400; --n-arrow-color: rgb(51, 54, 57);"
    >
      
      <div
        class="n-collapse-item n-collapse-item--right-arrow-placement"
      >
        <div
          class="n-collapse-item__header"
        >
          <div
            class="n-collapse-item__header-main"
          >
            
            <button
              class="n-button n-button--default-type n-button--medium-type"
              style="--n-bezier: cubic-bezier(.4, 0, .2, 1); --n-bezier-ease-out: cubic-bezier(0, 0, .2, 1); --n-ripple-duration: .6s; --n-opacity-disabled: 0.5; --n-wave-opacity: 0.6; font-weight: 400; --n-color: #0000; --n-color-hover: rgba(46, 51, 56, .09); --n-color-pressed: rgba(46, 51, 56, .13); --n-color-focus: rgba(46, 51, 56, .09); --n-color-disabled: #0000; --n-ripple-color: #0000; --n-text-color: rgb(51, 54, 57); --n-text-color-hover: rgb(51, 54, 57); --n-text-color-pressed: rgb(51, 54, 57); --n-text-color-focus: rgb(51, 54, 57); --n-text-color-disabled: rgb(51, 54, 57); --n-border: 1px solid rgb(224, 224, 230); --n-border-hover: 1px solid #36ad6a; --n-border-pressed: 1px solid #0c7a43; --n-border-focus: 1px solid #36ad6a; --n-border-disabled: 1px solid rgb(224, 224, 230); --n-width: initial; --n-height: 34px; --n-font-size: 14px; --n-padding: 0 14px; --n-icon-size: 18px; --n-icon-margin: 6px; --n-border-radius: 3px;"
              tabindex="0"
              type="button"
            >
              <!---->
              <transition-stub>
                <!---->
              </transition-stub>
              <span
                class="n-button__content"
              >
                Australia
              </span>
              <div
                aria-hidden="true"
                class="n-base-wave"
              />
              <!---->
              <!---->
            </button>
            
            <div
              class="n-collapse-item-arrow"
            >
              <i
                class="n-base-icon"
              >
                <svg
                  fill="none"
                  viewBox="0 0 16 16"
                  xmlns="http://www.w3.org/2000/svg"
                >
                  <path
                    d="M5.64645 3.14645C5.45118 3.34171 5.45118 3.65829 5.64645 3.85355L9.79289 8L5.64645 12.1464C5.45118 12.3417 5.45118 12.6583 5.64645 12.8536C5.84171 13.0488 6.15829 13.0488 6.35355 12.8536L10.8536 8.35355C11.0488 8.15829 11.0488 7.84171 10.8536 7.64645L6.35355 3.14645C6.15829 2.95118 5.84171 2.95118 5.64645 3.14645Z"
                    fill="currentColor"
                  />
                </svg>
              </i>
            </div>
            <!---->
          </div>
          <!---->
        </div>
        <transition-stub>
          <!---->
        </transition-stub>
      </div>
      <div
        class="n-collapse-item n-collapse-item--right-arrow-placement"
      >
        <div
          class="n-collapse-item__header"
        >
          <div
            class="n-collapse-item__header-main"
          >
            
            <button
              class="n-button n-button--default-type n-button--medium-type"
              style="--n-bezier: cubic-bezier(.4, 0, .2, 1); --n-bezier-ease-out: cubic-bezier(0, 0, .2, 1); --n-ripple-duration: .6s; --n-opacity-disabled: 0.5; --n-wave-opacity: 0.6; font-weight: 400; --n-color: #0000; --n-color-hover: rgba(46, 51, 56, .09); --n-color-pressed: rgba(46, 51, 56, .13); --n-color-focus: rgba(46, 51, 56, .09); --n-color-disabled: #0000; --n-ripple-color: #0000; --n-text-color: rgb(51, 54, 57); --n-text-color-hover: rgb(51, 54, 57); --n-text-color-pressed: rgb(51, 54, 57); --n-text-color-focus: rgb(51, 54, 57); --n-text-color-disabled: rgb(51, 54, 57); --n-border: 1px solid rgb(224, 224, 230); --n-border-hover: 1px solid #36ad6a; --n-border-pressed: 1px solid #0c7a43; --n-border-focus: 1px solid #36ad6a; --n-border-disabled: 1px solid rgb(224, 224, 230); --n-width: initial; --n-height: 34px; --n-font-size: 14px; --n-padding: 0 14px; --n-icon-size: 18px; --n-icon-margin: 6px; --n-border-radius: 3px;"
              tabindex="0"
              type="button"
            >
              <!---->
              <transition-stub>
                <!---->
              </transition-stub>
              <span
                class="n-button__content"
              >
                Austria
              </span>
              <div
                aria-hidden="true"
                class="n-base-wave"
              />
              <!---->
              <!---->
            </button>
            
            <div
              class="n-collapse-item-arrow"
            >
              <i
                class="n-base-icon"
              >
                <svg
                  fill="none"
                  viewBox="0 0 16 16"
                  xmlns="http://www.w3.org/2000/svg"
                >
                  <path
                    d="M5.64645 3.14645C5.45118 3.34171 5.45118 3.65829 5.64645 3.85355L9.79289 8L5.64645 12.1464C5.45118 12.3417 5.45118 12.6583 5.64645 12.8536C5.84171 13.0488 6.15829 13.0488 6.35355 12.8536L10.8536 8.35355C11.0488 8.15829 11.0488 7.84171 10.8536 7.64645L6.35355 3.14645C6.15829 2.95118 5.84171 2.95118 5.64645 3.14645Z"
                    fill="currentColor"
                  />
                </svg>
              </i>
            </div>
            <!---->
          </div>
          <!---->
        </div>
        <transition-stub>
          <!---->
        </transition-stub>
      </div>
      
    </div>
  </div>
  
</div>
`;
